==========================================================================
패널 기반 패턴 탐색
==========================================================================
  [ok]   ETH    3792일  2016-03-09 ~ 2026-08-02
  [ok]   LTC    4813일  2013-05-19 ~ 2026-08-02
  [ok]   XRP    3363일  2017-05-19 ~ 2026-08-02
  [ok]   EOS    3284일  2017-07-01 ~ 2026-07-03
  [ok]   XMR    3533일  2016-11-30 ~ 2026-08-02
  [ok]   ZEC    3565일  2016-10-29 ~ 2026-08-02
  [ok]   DASH   3440일  2017-03-03 ~ 2026-08-02
  [ok]   IOTA   3339일  2017-06-12 ~ 2026-08-02
  [ok]   NEO    3222일  2017-09-07 ~ 2026-07-03
  [ok]   ETC    3653일  2016-07-26 ~ 2026-08-02
  [ok]   SOL    1985일  2021-02-25 ~ 2026-08-02
  [ok]   ADA    2188일  2020-08-06 ~ 2026-08-02
  [ok]   DOT    2172일  2020-08-22 ~ 2026-08-02
  [ok]   LINK   2173일  2020-08-21 ~ 2026-08-02
  [ok]   SPY    2514일  2016-08-01 ~ 2026-07-31
  [ok]   QQQ    2514일  2016-08-01 ~ 2026-07-31
  [fix]  IWM: 봉 무결성 위반 1행 보정 (0.040%)
  [ok]   IWM    2514일  2016-08-01 ~ 2026-07-31
  [ok]   EEM    2514일  2016-08-01 ~ 2026-07-31
  [fix]  XLE: 봉 무결성 위반 1행 보정 (0.040%)
  [ok]   XLE    2514일  2016-08-01 ~ 2026-07-31
  [ok]   AAPL   2514일  2016-08-01 ~ 2026-07-31
  [ok]   MSFT   2514일  2016-08-01 ~ 2026-07-31
  [ok]   NVDA   2514일  2016-08-01 ~ 2026-07-31
  [fix]  JPM: 봉 무결성 위반 1행 보정 (0.040%)
  [ok]   JPM    2514일  2016-08-01 ~ 2026-07-31
  [ok]   GLD    2514일  2016-08-01 ~ 2026-07-31
  [ok]   SLV    2514일  2016-08-01 ~ 2026-07-31
  [ok]   USO    2514일  2016-08-01 ~ 2026-07-31
  [ok]   FXE    2514일  2016-08-01 ~ 2026-07-31
  [ok]   FXY    2514일  2016-08-01 ~ 2026-07-31
  [ok]   UUP    2514일  2016-08-01 ~ 2026-07-31
1단 스크리닝: 조건 2개 조합 열거 중...
  후보 60,450개 (조건조합 12,090 × 방아쇠 5)
  200/12,090 조합, 1단 통과 77개
  400/12,090 조합, 1단 통과 128개
  600/12,090 조합, 1단 통과 233개
  800/12,090 조합, 1단 통과 365개
  1,000/12,090 조합, 1단 통과 448개
  1,200/12,090 조합, 1단 통과 517개
  1,400/12,090 조합, 1단 통과 640개
  1,600/12,090 조합, 1단 통과 698개
  1,800/12,090 조합, 1단 통과 784개
  2,000/12,090 조합, 1단 통과 838개
  2,200/12,090 조합, 1단 통과 883개
  2,400/12,090 조합, 1단 통과 946개
  2,600/12,090 조합, 1단 통과 1,023개
  2,800/12,090 조합, 1단 통과 1,142개
  3,000/12,090 조합, 1단 통과 1,217개
  3,200/12,090 조합, 1단 통과 1,288개
  3,400/12,090 조합, 1단 통과 1,368개
  3,600/12,090 조합, 1단 통과 1,460개
  3,800/12,090 조합, 1단 통과 1,561개
  4,000/12,090 조합, 1단 통과 1,651개
  4,200/12,090 조합, 1단 통과 1,745개
  4,400/12,090 조합, 1단 통과 1,831개
  4,600/12,090 조합, 1단 통과 1,905개
  4,800/12,090 조합, 1단 통과 1,989개
  5,000/12,090 조합, 1단 통과 2,076개
  5,200/12,090 조합, 1단 통과 2,219개
  5,400/12,090 조합, 1단 통과 2,305개
  5,600/12,090 조합, 1단 통과 2,365개
  5,800/12,090 조합, 1단 통과 2,456개
  6,000/12,090 조합, 1단 통과 2,576개
  6,200/12,090 조합, 1단 통과 2,676개
  6,400/12,090 조합, 1단 통과 2,785개
  6,600/12,090 조합, 1단 통과 2,847개
  6,800/12,090 조합, 1단 통과 2,905개
  7,000/12,090 조합, 1단 통과 3,031개
  7,200/12,090 조합, 1단 통과 3,085개
  7,400/12,090 조합, 1단 통과 3,148개
  7,600/12,090 조합, 1단 통과 3,220개
  7,800/12,090 조합, 1단 통과 3,324개
  8,000/12,090 조합, 1단 통과 3,454개
  8,200/12,090 조합, 1단 통과 3,563개
  8,400/12,090 조합, 1단 통과 3,667개
  8,600/12,090 조합, 1단 통과 3,768개
  8,800/12,090 조합, 1단 통과 3,848개
  9,000/12,090 조합, 1단 통과 3,922개
  9,200/12,090 조합, 1단 통과 4,034개
  9,400/12,090 조합, 1단 통과 4,193개
  9,600/12,090 조합, 1단 통과 4,301개
  9,800/12,090 조합, 1단 통과 4,425개
  10,000/12,090 조합, 1단 통과 4,544개
  10,200/12,090 조합, 1단 통과 4,660개
  10,400/12,090 조합, 1단 통과 4,774개
  10,600/12,090 조합, 1단 통과 4,852개
  10,800/12,090 조합, 1단 통과 4,989개
  11,000/12,090 조합, 1단 통과 5,104개
  11,200/12,090 조합, 1단 통과 5,245개
  11,400/12,090 조합, 1단 통과 5,361개
  11,600/12,090 조합, 1단 통과 5,495개
  11,800/12,090 조합, 1단 통과 5,626개
  12,000/12,090 조합, 1단 통과 5,776개

1단 통과: 5,826개 / 60,450개

2단 정식 검정: 상위 40개
  [ 1/40] upper[t-2]>=0.2 & gap[t-3]>=0.2 & close<prev_low     OOS edge+=0.69 n_eff= 4.1 p=0.1457 (독립가정 1.9e-02)
  [ 2/40] chg[t-1]>=0.5 & chg[t-3]<=-0.5 & close>high3         OOS edge+=0.53 n_eff= 6.5 p=0.3360 (독립가정 1.8e-01)
  [ 3/40] rngrank[t-1]<=0.3 & gap[t-2]<=-0.2 & close<prev_low  OOS edge+=0.56 n_eff= 3.9 p=0.4367 (독립가정 3.7e-01)
  [ 4/40] rngrank[t-1]<=0.5 & gap[t-2]<=-0.2 & close<prev_low  OOS edge+=0.69 n_eff= 2.9 p=0.2317 (독립가정 4.4e-02)
  [ 5/40] rngrank[t-2]>=0.8 & chg[t-1]>=-0.5 & close<prev_low  OOS edge+=0.63 n_eff= 3.9 p=0.2294 (독립가정 1.9e-02)
  [ 6/40] rngrank[t-1]>=0.3 & chg[t-2]<=-0.5 & close>high3     OOS edge+=0.53 n_eff= 7.3 p=0.4258 (독립가정 3.5e-01)
  [ 7/40] rngrank[t-3]<=0.3 & gap[t-1]<=-0.2 & close>prev_high OOS edge+=0.20 n_eff= 3.4 p=0.8063 (독립가정 9.7e-01)
  [ 8/40] rngrank[t-2]>=0.8 & gap[t-2]<=0.0 & close<prev_low   OOS edge+=0.67 n_eff= 4.9 p=0.1985 (독립가정 1.8e-02)
  [ 9/40] chg[t-1]>=0.0 & chg[t-3]<=-0.5 & close>high3         OOS edge+=0.43 n_eff= 4.7 p=0.4755 (독립가정 4.4e-01)
  [10/40] gap[t-1]>=-0.2 & chg[t-3]<=-0.5 & close>high3        OOS edge+=0.43 n_eff= 4.4 p=0.5390 (독립가정 6.0e-01)
  [11/40] opnpos[t-3]<=0.5 & chg[t-2]<=0.0 & close<prev_low    OOS edge+=0.53 n_eff= 2.7 p=0.3703 (독립가정 1.3e-01)
  [12/40] opnpos[t-1]<=0.7 & gap[t-2]<=0.2                     OOS edge+=0.23 n_eff= 3.8 p=0.8558 (독립가정 1.0e+00)
  [13/40] gap[t-2]<=0.0 & chg[t-2]<=-0.5 & close>high3         OOS edge+=0.52 n_eff= 7.0 p=0.3971 (독립가정 3.0e-01)
  [14/40] rngrank[t-1]<=0.8 & gap[t-2]<=-0.2                   OOS edge+=0.64 n_eff= 4.5 p=0.3118 (독립가정 1.4e-01)
  [15/40] rngrank[t-1]<=0.5 & rngrank[t-2]>=0.8 & close<prev_l OOS edge+=0.60 n_eff= 6.4 p=0.4346 (독립가정 3.6e-01)
  [16/40] rngrank[t-2]<=0.5 & gap[t-2]<=-0.2                   OOS edge+=0.77 n_eff= 6.3 p=0.1479 (독립가정 2.5e-02)
  [17/40] rngrank[t-3]<=0.3 & gap[t-2]<=-0.2 & close<prev_low  OOS edge+=0.53 n_eff= 3.5 p=0.4507 (독립가정 3.9e-01)
  [18/40] rngrank[t-3]<=0.3 & gap[t-3]<=-0.2 & close>prev_high OOS edge+=0.50 n_eff= 4.0 p=0.4106 (독립가정 3.3e-01)
  [19/40] rngrank[t-3]<=0.3 & gap[t-3]<=-0.2 & close>prev_clos OOS edge+=0.50 n_eff= 4.0 p=0.6005 (독립가정 7.0e-01)
  [20/40] rngrank[t-3]<=0.3 & gap[t-1]<=-0.2 & close>prev_clos OOS edge+=0.22 n_eff= 4.1 p=0.8355 (독립가정 9.8e-01)
  [21/40] gap[t-3]>=0.2 & chg[t-1]>=-0.5 & close<prev_low      OOS edge+=0.59 n_eff= 3.9 p=0.1816 (독립가정 2.9e-02)
  [22/40] gap[t-2]<=0.2 & gap[t-3]>=0.2 & close<prev_low       OOS edge+=0.53 n_eff= 3.1 p=0.3958 (독립가정 2.7e-01)
  [23/40] gap[t-2]<=0.0 & gap[t-3]>=0.2 & close<prev_low       OOS edge+=0.56 n_eff= 2.9 p=0.2765 (독립가정 8.1e-02)
  [24/40] gap[t-1]>=0.0 & gap[t-2]<=-0.2 & close<prev_low      OOS edge+=0.75 n_eff= 2.4 p=0.0510 (독립가정 1.3e-05)
  [25/40] rngrank[t-2]<=0.3 & gap[t-3]<=-0.2 & close>prev_clos OOS edge+=0.44 n_eff= 5.8 p=0.6313 (독립가정 7.2e-01)
  [26/40] rngrank[t-3]<=0.5 & gap[t-3]<=-0.2 & close>prev_clos OOS edge+=0.38 n_eff= 7.6 p=0.6886 (독립가정 7.9e-01)
  [27/40] rngrank[t-2]<=0.5 & gap[t-3]<=-0.2 & close>prev_clos OOS edge+=0.45 n_eff= 6.0 p=0.5007 (독립가정 5.0e-01)
  [28/40] rngrank[t-3]<=0.5 & gap[t-3]<=-0.2 & close>high3     OOS edge+=0.31 n_eff= 3.8 p=0.9118 (독립가정 1.0e+00)
  [29/40] upper[t-1]>=0.2 & gap[t-1]>=0.2 & close<prev_low     OOS edge+=0.62 n_eff= 2.9 p=0.2088 (독립가정 2.9e-02)
  [30/40] upper[t-3]>=0.2 & gap[t-3]>=0.2 & close<prev_low     OOS edge+=0.69 n_eff= 2.4 p=0.2241 (독립가정 2.4e-02)
  [31/40] opnpos[t-1]<=0.7 & chg[t-2]<=-0.5 & close>high3      OOS edge+=0.50 n_eff= 5.1 p=0.5991 (독립가정 7.3e-01)
  [32/40] gap[t-3]<=0.0 & chg[t-2]<=-0.5 & close>high3         OOS edge+=0.36 n_eff=10.1 p=0.7176 (독립가정 8.3e-01)
  [33/40] upper[t-2]<=0.35 & chg[t-2]<=-0.5 & close>high3      OOS edge+=0.47 n_eff= 4.2 p=0.6051 (독립가정 7.6e-01)
  [34/40] opnpos[t-2]>=0.7 & chg[t-2]<=-0.5 & close>high3      OOS edge+=0.47 n_eff= 4.7 p=0.5664 (독립가정 6.6e-01)
  [35/40] chg[t-1]>=0.0 & chg[t-2]<=-0.5 & close>high3         OOS edge+=0.57 n_eff= 4.7 p=0.5686 (독립가정 6.7e-01)
  [36/40] clspos[t-3]<=0.7 & chg[t-2]<=-0.5 & close>high3      OOS edge+=0.53 n_eff= 5.7 p=0.5017 (독립가정 5.0e-01)
  [37/40] rngrank[t-2]>=0.8 & gap[t-1]>=-0.2 & close<prev_low  OOS edge+=0.63 n_eff= 3.9 p=0.1487 (독립가정 1.9e-03)
  [38/40] chg[t-1]>=-0.5 & chg[t-2]<=-0.5 & close>high3        OOS edge+=0.37 n_eff= 4.2 p=0.6859 (독립가정 9.0e-01)
  [39/40] rngrank[t-3]<=0.8 & chg[t-3]<=-0.5 & close>high3     OOS edge+=0.50 n_eff= 4.1 p=0.5426 (독립가정 6.1e-01)
  [40/40] rngrank[t-2]>=0.8 & gap[t-2]<=0.2 & close<prev_low   OOS edge+=0.57 n_eff= 3.8 p=0.2844 (독립가정 5.5e-02)

-> results/pattern_search.csv

                                                  desc  IS_edge_pos  IS_combined_p  OOS_trades  OOS_edge_med  OOS_edge_pos  OOS_pf_med  OOS_n_eff  OOS_combined_p_naive  OOS_combined_p
       gap[t-1]>=0.0 & gap[t-2]<=-0.2 & close<prev_low       0.8750         0.0828         906        0.0034        0.7500      1.6960     2.4232                0.0000          0.0510
      upper[t-2]>=0.2 & gap[t-3]>=0.2 & close<prev_low       1.0000         0.0428         953        0.0024        0.6875      1.2700     4.1194                0.0188          0.1457
                    rngrank[t-2]<=0.5 & gap[t-2]<=-0.2       0.8824         0.1091        3126        0.0010        0.7727      1.1483     6.2506                0.0249          0.1479
   rngrank[t-2]>=0.8 & gap[t-1]>=-0.2 & close<prev_low       0.8667         0.0345        1707        0.0024        0.6333      0.9576     3.9021                0.0019          0.1487
       gap[t-3]>=0.2 & chg[t-1]>=-0.5 & close<prev_low       0.8750         0.0391        1269        0.0013        0.5882      1.2745     3.8928                0.0287          0.1816
    rngrank[t-2]>=0.8 & gap[t-2]<=0.0 & close<prev_low       0.9000         0.0502         983        0.0037        0.6667      0.9536     4.8696                0.0178          0.1985
      upper[t-1]>=0.2 & gap[t-1]>=0.2 & close<prev_low       0.8750         0.1274        1091        0.0020        0.6250      1.1954     2.9422                0.0294          0.2088
      upper[t-3]>=0.2 & gap[t-3]>=0.2 & close<prev_low       0.8750         0.1288         964        0.0014        0.6875      1.2400     2.3684                0.0243          0.2241
   rngrank[t-2]>=0.8 & chg[t-1]>=-0.5 & close<prev_low       0.9333         0.0327        1635        0.0009        0.6333      0.8542     3.8526                0.0194          0.2294
   rngrank[t-1]<=0.5 & gap[t-2]<=-0.2 & close<prev_low       0.9375         0.0538         975        0.0016        0.6875      1.1958     2.9470                0.0438          0.2317
        gap[t-2]<=0.0 & gap[t-3]>=0.2 & close<prev_low       0.8750         0.0191         943        0.0015        0.5625      1.1600     2.8774                0.0809          0.2765
    rngrank[t-2]>=0.8 & gap[t-2]<=0.2 & close<prev_low       0.8667         0.0667        1593        0.0011        0.5667      0.9029     3.7986                0.0547          0.2844
                    rngrank[t-1]<=0.8 & gap[t-2]<=-0.2       0.8947         0.0746        4975        0.0009        0.6364      1.1648     4.5378                0.1399          0.3118
          chg[t-1]>=0.5 & chg[t-3]<=-0.5 & close>high3       0.9643         0.0083         765        0.0015        0.5333      0.8586     6.5259                0.1819          0.3360
     opnpos[t-3]<=0.5 & chg[t-2]<=0.0 & close<prev_low       0.9000         0.0766        2591        0.0007        0.5333      0.9257     2.6650                0.1333          0.3703
        gap[t-2]<=0.2 & gap[t-3]>=0.2 & close<prev_low       0.8750         0.0072        1235        0.0004        0.5294      1.1614     3.0734                0.2673          0.3958
          gap[t-2]<=0.0 & chg[t-2]<=-0.5 & close>high3       0.8966         0.0079         703        0.0019        0.5172      1.0459     6.9836                0.2975          0.3971
  rngrank[t-3]<=0.3 & gap[t-3]<=-0.2 & close>prev_high       0.8750         0.0807         551       -0.0001        0.5000      1.1816     3.9823                0.3252          0.4106
      rngrank[t-1]>=0.3 & chg[t-2]<=-0.5 & close>high3       0.9333         0.0083         748        0.0020        0.5333      0.9847     7.3361                0.3526          0.4258
rngrank[t-1]<=0.5 & rngrank[t-2]>=0.8 & close<prev_low       0.8929         0.0142         698        0.0016        0.6000      1.0069     6.4188                0.3610          0.4346
   rngrank[t-1]<=0.3 & gap[t-2]<=-0.2 & close<prev_low       0.9375         0.0681         607        0.0005        0.5625      0.9970     3.9133                0.3736          0.4367
   rngrank[t-3]<=0.3 & gap[t-2]<=-0.2 & close<prev_low       0.8750         0.0081         639        0.0001        0.5294      1.1672     3.4633                0.3918          0.4507
          chg[t-1]>=0.0 & chg[t-3]<=-0.5 & close>high3       0.9000         0.0295        1171       -0.0008        0.4333      0.8007     4.7257                0.4384          0.4755
 rngrank[t-2]<=0.5 & gap[t-3]<=-0.2 & close>prev_close       0.8750         0.1507        1547       -0.0006        0.4500      1.0702     6.0111                0.5013          0.5007
       clspos[t-3]<=0.7 & chg[t-2]<=-0.5 & close>high3       0.8667         0.0042         633        0.0006        0.5333      0.9650     5.6822                0.5038          0.5017
         gap[t-1]>=-0.2 & chg[t-3]<=-0.5 & close>high3       0.9000         0.0159        1278       -0.0006        0.4333      0.8673     4.3926                0.6011          0.5390
      rngrank[t-3]<=0.8 & chg[t-3]<=-0.5 & close>high3       0.8667         0.0186        1111       -0.0001        0.5000      0.8599     4.1287                0.6135          0.5426
       opnpos[t-2]>=0.7 & chg[t-2]<=-0.5 & close>high3       0.8667         0.0008         729       -0.0018        0.4667      0.7919     4.6905                0.6637          0.5664
          chg[t-1]>=0.0 & chg[t-2]<=-0.5 & close>high3       0.8667         0.0161         912        0.0013        0.5667      0.9275     4.7249                0.6683          0.5686
       opnpos[t-1]<=0.7 & chg[t-2]<=-0.5 & close>high3       0.8667         0.0219         921       -0.0005        0.5000      0.8756     5.1163                0.7284          0.5991
 rngrank[t-3]<=0.3 & gap[t-3]<=-0.2 & close>prev_close       0.8750         0.1012         899       -0.0003        0.5000      1.1692     3.9504                0.6959          0.6005
       upper[t-2]<=0.35 & chg[t-2]<=-0.5 & close>high3       0.8667         0.0063         837       -0.0005        0.4667      0.8093     4.2477                0.7607          0.6051
 rngrank[t-2]<=0.3 & gap[t-3]<=-0.2 & close>prev_close       0.8750         0.1042         936       -0.0008        0.4444      1.1540     5.7812                0.7230          0.6313
         chg[t-1]>=-0.5 & chg[t-2]<=-0.5 & close>high3       0.8667         0.0148        1011       -0.0022        0.3667      0.8509     4.2277                0.9015          0.6859
 rngrank[t-3]<=0.5 & gap[t-3]<=-0.2 & close>prev_close       0.8750         0.0890        1555       -0.0009        0.3810      1.0074     7.6057                0.7931          0.6886
          gap[t-3]<=0.0 & chg[t-2]<=-0.5 & close>high3       0.8667         0.0063         502       -0.0032        0.3571      0.8987    10.0559                0.8317          0.7176
  rngrank[t-3]<=0.3 & gap[t-1]<=-0.2 & close>prev_high       0.9333         0.1119         555       -0.0030        0.2000      0.8951     3.3638                0.9660          0.8063
 rngrank[t-3]<=0.3 & gap[t-1]<=-0.2 & close>prev_close       0.8750         0.0439         940       -0.0042        0.2222      0.9094     4.1459                0.9790          0.8355
                      opnpos[t-1]<=0.7 & gap[t-2]<=0.2       0.9000         0.1134       23967       -0.0007        0.2333      0.8105     3.8466                0.9985          0.8558
      rngrank[t-3]<=0.5 & gap[t-3]<=-0.2 & close>high3       0.8750         0.2010         601       -0.0033        0.3125      0.6697     3.7960                0.9972          0.9118

2단 검정 40개에 대한 Bonferroni 문턱 0.00125 -> 통과 0개
